RAM Allocation [bytes]
Variable                                                                          Address   Size
------------------------------------------------------------------------------------------------

EEPROM Allocation [bytes]
Variable                                                                          Address   Size
------------------------------------------------------------------------------------------------

Register Allocation
Variable                                                                          Register  Size
------------------------------------------------------------------------------------------------

FLASH Allocation [words]
Function                                                                          Address   Size
------------------------------------------------------------------------------------------------
main                                                                              0x00069     54
ADC_Init                                                                          0x0009F      5
Read_ADC                                                                          0x000A4     13
Lcd_Port                                                                          0x000B1     26
Lcd_Cmd                                                                           0x000CB     12
Lcd_Set_Cursor                                                                    0x000D7     31
Lcd_Init                                                                          0x000F6     23
Lcd_Write_Char                                                                    0x0010D     20
Lcd_Write_String                                                                  0x00121     28
